
> frontend@0.1.0 build
> react-scripts build Check-Path build_errors.txt

Creating an optimized production build...
Compiled with warnings.

[eslint] 
src\components\Graph\KnowledgeGraph.jsx
  Line 3:8:  'LoadingSpinner' is defined but never used  no-unused-vars

src\pages\Chat.jsx
  Line 42:6:  React Hook useEffect has missing dependencies: 'currentSession', 'getSessions', 'location.state.sessionId', 'selectedPapers.length', and 'setCurrentSession'. Either include them or remove the dependency array  react-hooks/exhaustive-deps

src\pages\Dashboard.jsx
  Line 29:6:  React Hook useEffect has missing dependencies: 'getPapers' and 'getSessions'. Either include them or remove the dependency array  react-hooks/exhaustive-deps

src\pages\KnowledgeGraphPage.jsx
  Line 11:11:  'papers' is assigned a value but never used                no-unused-vars
  Line 11:35:  'togglePaperSelection' is assigned a value but never used  no-unused-vars

src\pages\MyPapers.jsx
  Line 7:8:   'LoadingSpinner' is defined but never used                                                                    no-unused-vars
  Line 27:6:  React Hook useEffect has a missing dependency: 'getPapers'. Either include it or remove the dependency array  react-hooks/exhaustive-deps

Search for the keywords to learn more about each warning.
To ignore, add // eslint-disable-next-line to the line before.

File sizes after gzip:

  440.07 kB  build\static\js\main.34792575.js
  5.1 kB     build\static\css\main.dbbf8dca.css

The project was built assuming it is hosted at /.
You can control this with the homepage field in your package.json.

The build folder is ready to be deployed.
You may serve it with a static server:

  npm install -g serve
  serve -s build

Find out more about deployment here:

  https://cra.link/deployment

